LTspice 26.0.1 for Windows
Circuit: C:\Users\anuma\Downloads\2024102035_and_2025122013_Project_1\Full Circuit Analysis Simulation.net
Start Time: Tue Jan 20 18:38:18 2026
solver = Normal
Maximum thread count: 12
tnom = 27
temp = 27
method = trap
WARNING: Node n011 is floating.

Direct Newton iteration succeeded in finding operating point.
Total elapsed time: 0.229 seconds.

Files loaded:
C:\Users\anuma\Downloads\2024102035_and_2025122013_Project_1\Full Circuit Analysis Simulation.net
C:\Users\anuma\AppData\Local\LTspice\lib\cmp\standard.dio
C:\Users\anuma\AppData\Local\LTspice\lib\cmp\standard.bjt
C:\Users\anuma\Downloads\2024102035_and_2025122013_Project_1\UA741.sub
C:\Users\anuma\Downloads\2024102035_and_2025122013_Project_1\Qtip31a.sub
C:\Users\anuma\Downloads\2024102035_and_2025122013_Project_1\Qtip32a.sub

Fourier components of V(out)
N-Period=1
DC component:-0.535838

Harmonic	Frequency	 Fourier 	Normalized	 Phase  	Normalized
 Number 	  [Hz]   	Component	 Component	[degree]	Phase [deg]
    1   	 1.000e+03	 4.768e+00	 1.000e+00	   91.64°	    0.00°
    2   	 2.000e+03	 5.113e-01	 1.072e-01	 -176.38°	 -268.01°
    3   	 3.000e+03	 2.115e-01	 4.436e-02	   94.04°	    2.40°
    4   	 4.000e+03	 1.522e-02	 3.191e-03	   15.20°	  -76.44°
    5   	 5.000e+03	 2.009e-02	 4.213e-03	  -85.33°	 -176.97°
    6   	 6.000e+03	 2.241e-02	 4.699e-03	    8.78°	  -82.86°
    7   	 7.000e+03	 1.177e-02	 2.468e-03	  101.90°	   10.26°
    8   	 8.000e+03	 1.351e-02	 2.833e-03	 -165.47°	 -257.10°
    9   	 9.000e+03	 9.632e-03	 2.020e-03	  -71.02°	 -162.66°
Partial Harmonic Distortion: 11.633012%
Total Harmonic Distortion:   11.635587%

